---
source: src/run/run_environment/gitlab_ci/provider.rs
expression: run_environment_metadata
---
{
  "ref": "refs/pull/5/merge",
  "headRef": "feat/awesome-feature",
  "baseRef": "main",
  "owner": "owner",
  "repository": "repository",
  "event": "pull_request",
  "sender": {
    "id": "19605940",
    "login": "actor"
  },
  "ghData": null,
  "glData": {
    "runId": "6957110437",
    "job": "build-job"
  },
  "repositoryRootPath": "/builds/owner/repository"
}
