---
source: src/run/run_environment/github_actions/provider.rs
expression: run_part
---
{
  "runId": "6957110437",
  "runPartId": "log-env",
  "jobName": "log-env",
  "metadata": {}
}
