version https://git-lfs.github.com/spec/v1
oid sha256:08d0d77429d6ea02f592e2af3073e2d9eabac39e71a19398de8e8dc10f06e0a1
size 567233
