version https://git-lfs.github.com/spec/v1
oid sha256:3ba0e35373233250feb5939e720bd24c6c2f9f0234e7dcb7cd3836f3761e2174
size 421522
