version https://git-lfs.github.com/spec/v1
oid sha256:690cc262f1ebc557ed1e0b7a2d032fb73b4bb00b80c5946663fd9299735d51d4
size 340599
