version https://git-lfs.github.com/spec/v1
oid sha256:7bc8744d07ed1bbea45509901976bf3f5ca7cb9ab0d4f837a9744438746d11cb
size 102927
