version https://git-lfs.github.com/spec/v1
oid sha256:586d8952dfe700b4de4ad5a98dd85b7f77c027698a5fa93005bbeb58749792f4
size 1256905
