version https://git-lfs.github.com/spec/v1
oid sha256:0aa42b91182f851090d21ce5c14804b8b1036485f0a1f6b98c1cbe361ca2cd86
size 4495238
