version https://git-lfs.github.com/spec/v1
oid sha256:0e0d9438ad3c68cf69bb933c786687e7b23715a062a552c44529d8b856f4a1bb
size 5995727
