version https://git-lfs.github.com/spec/v1
oid sha256:99b52d4732fef52d8e2e86b5a27bc33b78c52a95cef831f58ea01db1d58e206b
size 372746
