version https://git-lfs.github.com/spec/v1
oid sha256:a1f142b35dccc82fc3299ee263a5e34ee39babf16c2dc3cf7ff5fda55bb284f8
size 519686
