version https://git-lfs.github.com/spec/v1
oid sha256:98a399b1981f5f24df1965eed80070bcaa480bf234c895b993a4fb64bd41d9f8
size 148097
