version https://git-lfs.github.com/spec/v1
oid sha256:39418257719dc43b90583a3e7d4af61fb42d9201acf72eb3a9c9e7cd5c7ab8fa
size 490514
