---
source: src/run/run_environment/buildkite/provider.rs
expression: run_environment_metadata
---
{
  "ref": "refs/pull/22/merge",
  "headRef": "feat/codspeed-runner",
  "baseRef": "main",
  "owner": "my-org",
  "repository": "adrien-python-test",
  "event": "pull_request",
  "sender": null,
  "ghData": null,
  "glData": null,
  "repositoryRootPath": "/buildkite/builds/7b10eca7600b-1/my-org/buildkite-test/"
}
